Ran 127 tests across 7 files. [229.00ms]
